.next/types/validator.ts(215,39): error TS2307: Cannot find module '../../src/app/api/dev/trigger-worker/route.js' or its corresponding type declarations.
.next/types/validator.ts(224,39): error TS2307: Cannot find module '../../src/app/api/test-profile/route.js' or its corresponding type declarations.
.next/types/validator.ts(242,39): error TS2307: Cannot find module '../../src/app/api/workers/recalc-stats/route.js' or its corresponding type declarations.
